apiVersion: gateway.networking.k8s.io/v1alpha2
kind: GatewayClass
metadata:
  creationTimestamp: null
  name: istio
  namespace: default
spec: null
status:
  conditions:
  - lastTransitionTime: fake
    message: Handled by Istio controller
    reason: Handled
    status: "True"
    type: Admitted
---
apiVersion: gateway.networking.k8s.io/v1alpha2
kind: Gateway
metadata:
  creationTimestamp: null
  name: gateway
  namespace: istio-system
spec: null
---
